[0m20:10:11.168423 [debug] [MainThread]: Sending event: {'category': 'dbt', 'action': 'invocation', 'label': 'start', 'context': [<snowplow_tracker.self_describing_json.SelfDescribingJson object at 0x10633ac50>, <snowplow_tracker.self_describing_json.SelfDescribingJson object at 0x106346310>, <snowplow_tracker.self_describing_json.SelfDescribingJson object at 0x1063469d0>]}


============================== 20:10:11.176184 | bf573088-e340-49b4-b809-b0832a6acf90 ==============================
[0m20:10:11.176184 [info ] [MainThread]: Running with dbt=1.11.2
[0m20:10:11.176925 [debug] [MainThread]: running dbt with arguments {'printer_width': '80', 'invocation_command': 'dbt init weather_dbt', 'use_colors': 'True', 'warn_error': 'None', 'send_anonymous_usage_stats': 'True', 'empty': 'None', 'static_parser': 'True', 'debug': 'False', 'introspect': 'True', 'write_json': 'True', 'no_print': 'None', 'use_experimental_parser': 'False', 'warn_error_options': 'WarnErrorOptionsV2(error=[], warn=[], silence=[])', 'profiles_dir': '/Users/rachel/.dbt', 'fail_fast': 'False', 'quiet': 'False', 'cache_selected_only': 'False', 'log_cache_events': 'False', 'log_format': 'default', 'partial_parse': 'True', 'log_path': 'logs', 'indirect_selection': 'eager', 'target_path': 'None', 'version_check': 'True'}
[0m20:10:11.210424 [info ] [MainThread]: Creating dbt configuration folder at /Users/rachel/.dbt
[0m20:10:11.212814 [debug] [MainThread]: Starter project path: /Users/rachel/Documents/portfolio/api-data-pipeline/.venv/lib/python3.11/site-packages/dbt/include/starter_project
[0m20:10:11.223842 [info ] [MainThread]: 
Your new dbt project "weather_dbt" was created!

For more information on how to configure the profiles.yml file,
please consult the dbt documentation here:

  https://docs.getdbt.com/docs/configure-your-profile

One more thing:

Need help? Don't hesitate to reach out to us via GitHub issues or on Slack:

  https://community.getdbt.com/

Happy modeling!

[0m20:10:11.224409 [info ] [MainThread]: Setting up your profile.
[0m20:20:08.823954 [info ] [MainThread]: Profile weather_dbt written to /Users/rachel/.dbt/profiles.yml using target's profile_template.yml and your supplied values. Run 'dbt debug' to validate the connection.
[0m20:20:09.160370 [debug] [MainThread]: Resource report: {"command_name": "init", "command_success": true, "command_wall_clock_time": 598.0823, "process_in_blocks": "0", "process_kernel_time": 2.998114, "process_mem_max_rss": "353665024", "process_out_blocks": "0", "process_user_time": 7.580975}
[0m20:20:09.197942 [debug] [MainThread]: Command `dbt init` succeeded at 20:20:09.197369 after 598.13 seconds
[0m20:20:09.202000 [debug] [MainThread]: Sending event: {'category': 'dbt', 'action': 'invocation', 'label': 'end', 'context': [<snowplow_tracker.self_describing_json.SelfDescribingJson object at 0x106346d50>, <snowplow_tracker.self_describing_json.SelfDescribingJson object at 0x106346390>, <snowplow_tracker.self_describing_json.SelfDescribingJson object at 0x101b957d0>]}
[0m20:20:09.204982 [debug] [MainThread]: Flushing usage events
[0m20:20:09.727527 [debug] [MainThread]: An error was encountered while trying to flush usage events
[0m20:20:26.704340 [debug] [MainThread]: Sending event: {'category': 'dbt', 'action': 'invocation', 'label': 'start', 'context': [<snowplow_tracker.self_describing_json.SelfDescribingJson object at 0x110fcf550>, <snowplow_tracker.self_describing_json.SelfDescribingJson object at 0x113ada210>, <snowplow_tracker.self_describing_json.SelfDescribingJson object at 0x113ada8d0>]}


============================== 20:20:26.711762 | dd9781c2-8cff-405f-9f68-4eb8a6bbfd26 ==============================
[0m20:20:26.711762 [info ] [MainThread]: Running with dbt=1.11.2
[0m20:20:26.712555 [debug] [MainThread]: running dbt with arguments {'log_cache_events': 'False', 'use_colors': 'True', 'send_anonymous_usage_stats': 'True', 'write_json': 'True', 'use_experimental_parser': 'False', 'no_print': 'None', 'log_format': 'default', 'warn_error': 'None', 'debug': 'False', 'introspect': 'True', 'empty': 'None', 'target_path': 'None', 'warn_error_options': 'WarnErrorOptionsV2(error=[], warn=[], silence=[])', 'cache_selected_only': 'False', 'profiles_dir': '/Users/rachel/.dbt', 'quiet': 'False', 'printer_width': '80', 'invocation_command': 'dbt debug', 'fail_fast': 'False', 'version_check': 'True', 'partial_parse': 'True', 'indirect_selection': 'eager', 'log_path': 'logs', 'static_parser': 'True'}
[0m20:20:26.747209 [info ] [MainThread]: dbt version: 1.11.2
[0m20:20:26.747754 [info ] [MainThread]: python version: 3.11.14
[0m20:20:26.748198 [info ] [MainThread]: python path: /Users/rachel/Documents/portfolio/api-data-pipeline/.venv/bin/python3.11
[0m20:20:26.748597 [info ] [MainThread]: os info: macOS-15.4-x86_64-i386-64bit
[0m20:20:36.675602 [info ] [MainThread]: Using profiles dir at /Users/rachel/.dbt
[0m20:20:36.676630 [info ] [MainThread]: Using profiles.yml file at /Users/rachel/.dbt/profiles.yml
[0m20:20:36.677211 [info ] [MainThread]: Using dbt_project.yml file at /Users/rachel/Documents/portfolio/api-data-pipeline/dbt/dbt_project.yml
[0m20:20:36.677635 [info ] [MainThread]: adapter type: bigquery
[0m20:20:36.678010 [info ] [MainThread]: adapter version: 1.11.0
[0m20:20:36.678403 [info ] [MainThread]: Configuration:
[0m20:20:36.678770 [info ] [MainThread]:   profiles.yml file [[32mOK found and valid[0m]
[0m20:20:36.679203 [info ] [MainThread]:   dbt_project.yml file [[31mERROR not found[0m]
[0m20:20:36.679637 [info ] [MainThread]: Required dependencies:
[0m20:20:36.680194 [debug] [MainThread]: Executing "git --help"
[0m20:20:36.749223 [debug] [MainThread]: STDOUT: "b"usage: git [-v | --version] [-h | --help] [-C <path>] [-c <name>=<value>]\n           [--exec-path[=<path>]] [--html-path] [--man-path] [--info-path]\n           [-p | --paginate | -P | --no-pager] [--no-replace-objects] [--bare]\n           [--git-dir=<path>] [--work-tree=<path>] [--namespace=<name>]\n           [--super-prefix=<path>] [--config-env=<name>=<envvar>]\n           <command> [<args>]\n\nThese are common Git commands used in various situations:\n\nstart a working area (see also: git help tutorial)\n   clone     Clone a repository into a new directory\n   init      Create an empty Git repository or reinitialize an existing one\n\nwork on the current change (see also: git help everyday)\n   add       Add file contents to the index\n   mv        Move or rename a file, a directory, or a symlink\n   restore   Restore working tree files\n   rm        Remove files from the working tree and from the index\n\nexamine the history and state (see also: git help revisions)\n   bisect    Use binary search to find the commit that introduced a bug\n   diff      Show changes between commits, commit and working tree, etc\n   grep      Print lines matching a pattern\n   log       Show commit logs\n   show      Show various types of objects\n   status    Show the working tree status\n\ngrow, mark and tweak your common history\n   branch    List, create, or delete branches\n   commit    Record changes to the repository\n   merge     Join two or more development histories together\n   rebase    Reapply commits on top of another base tip\n   reset     Reset current HEAD to the specified state\n   switch    Switch branches\n   tag       Create, list, delete or verify a tag object signed with GPG\n\ncollaborate (see also: git help workflows)\n   fetch     Download objects and refs from another repository\n   pull      Fetch from and integrate with another repository or a local branch\n   push      Update remote refs along with associated objects\n\n'git help -a' and 'git help -g' list available subcommands and some\nconcept guides. See 'git help <command>' or 'git help <concept>'\nto read about a specific subcommand or concept.\nSee 'git help git' for an overview of the system.\n""
[0m20:20:36.750341 [debug] [MainThread]: STDERR: "b''"
[0m20:20:36.750854 [info ] [MainThread]:  - git [[32mOK found[0m]

[0m20:20:36.751265 [info ] [MainThread]: Connection:
[0m20:20:36.751733 [info ] [MainThread]:   method: oauth
[0m20:20:36.752074 [info ] [MainThread]:   database: weather-travel-recommendations
[0m20:20:36.752448 [info ] [MainThread]:   execution_project: weather-travel-recommendations
[0m20:20:36.752787 [info ] [MainThread]:   schema: weather
[0m20:20:36.753117 [info ] [MainThread]:   location: EU
[0m20:20:36.753456 [info ] [MainThread]:   priority: interactive
[0m20:20:36.753775 [info ] [MainThread]:   maximum_bytes_billed: None
[0m20:20:36.754096 [info ] [MainThread]:   impersonate_service_account: None
[0m20:20:36.754422 [info ] [MainThread]:   job_retry_deadline_seconds: None
[0m20:20:36.754728 [info ] [MainThread]:   job_retries: 1
[0m20:20:36.755035 [info ] [MainThread]:   job_creation_timeout_seconds: None
[0m20:20:36.755353 [info ] [MainThread]:   job_execution_timeout_seconds: 300
[0m20:20:36.755652 [info ] [MainThread]:   timeout_seconds: 300
[0m20:20:36.755949 [info ] [MainThread]:   client_id: None
[0m20:20:36.756243 [info ] [MainThread]:   token_uri: None
[0m20:20:36.756535 [info ] [MainThread]:   compute_region: None
[0m20:20:36.756825 [info ] [MainThread]:   dataproc_cluster_name: None
[0m20:20:36.757116 [info ] [MainThread]:   gcs_bucket: None
[0m20:20:36.757418 [info ] [MainThread]:   dataproc_batch: None
[0m20:20:36.758157 [info ] [MainThread]: Registered adapter: bigquery=1.11.0
[0m20:20:37.313296 [debug] [MainThread]: Acquiring new bigquery connection 'debug'
[0m20:20:37.314010 [debug] [MainThread]: On debug: select 1 as id
[0m20:20:37.314401 [debug] [MainThread]: Opening a new connection, currently in state init
[0m20:20:40.818821 [debug] [MainThread]: BigQuery adapter: https://console.cloud.google.com/bigquery?project=weather-travel-recommendations&j=bq:EU:a2d47eb4-dcb8-44a7-8fa3-62ced4b4469f&page=queryresults
[0m20:20:41.020610 [debug] [MainThread]: SQL status: OK in 0.200 seconds
[0m20:20:41.457588 [info ] [MainThread]:   Connection test: [[32mOK connection ok[0m]

[0m20:20:41.458343 [info ] [MainThread]: [31m1 check failed:[0m
[0m20:20:41.458887 [info ] [MainThread]: Project loading failed for the following reason:
 project path </Users/rachel/Documents/portfolio/api-data-pipeline/dbt/dbt_project.yml> not found

[0m20:20:41.466780 [debug] [MainThread]: Resource report: {"command_name": "debug", "command_success": false, "command_wall_clock_time": 14.875902, "process_in_blocks": "0", "process_kernel_time": 3.310254, "process_mem_max_rss": "366456832", "process_out_blocks": "0", "process_user_time": 8.58661}
[0m20:20:41.467561 [debug] [MainThread]: Command `dbt debug` failed at 20:20:41.467378 after 14.88 seconds
[0m20:20:41.468105 [debug] [MainThread]: Connection 'debug' was properly closed.
[0m20:20:41.468651 [debug] [MainThread]: Sending event: {'category': 'dbt', 'action': 'invocation', 'label': 'end', 'context': [<snowplow_tracker.self_describing_json.SelfDescribingJson object at 0x113a42cd0>, <snowplow_tracker.self_describing_json.SelfDescribingJson object at 0x11396c2d0>, <snowplow_tracker.self_describing_json.SelfDescribingJson object at 0x1241d6410>]}
[0m20:20:41.469257 [debug] [MainThread]: Flushing usage events
[0m20:20:41.915691 [debug] [MainThread]: An error was encountered while trying to flush usage events
